// Jest Snapshot v1, https://goo.gl/fbAQLP

exports[`Icons screenshot make screenshot AngleDownIcon 1`] = `
".svg-direction-icon_direction_left {
    transform: rotate(90deg);
}

.svg-direction-icon_direction_right {
    transform: rotate(-90deg);
}

.svg-direction-icon_direction_up {
    transform: rotate(180deg);
}

.svg-direction-icon_direction_down {
    transform: rotate(0deg);
}
:root {
    --clr-el-gray-020: #B0BDD633;
    --clr-el-gray-030: #A5B1CA4D;

    --clr-bg-gray-1: #FFFFFF;
    --clr-bg-gray-2: #F6F8FB;

    --clr-el-gray-080: #2F3747;
    --crl-el-gray-050: #475A8080;
}

<svg width=\\"24\\" height=\\"24\\" class=\\"svg-direction-icon svg-direction-icon_direction_down\\" viewBox=\\"0 0 24 24\\" fill=\\"black\\"><path color=\\"currentColor\\" fill-rule=\\"evenodd\\" clip-rule=\\"evenodd\\" d=\\"M12 14.5858L18.2929 8.29289C18.6834 7.90237 19.3166 7.90237 19.7071 8.29289C20.0976 8.68342 20.0976 9.31658 19.7071 9.70711L13.0607 16.3536C12.4749 16.9393 11.5251 16.9393 10.9393 16.3536L4.29289 9.70711C3.90237 9.31658 3.90237 8.68342 4.29289 8.29289C4.68342 7.90237 5.31658 7.90237 5.70711 8.29289L12 14.5858Z\\"></path></svg><svg width=\\"48\\" height=\\"48\\" class=\\"svg-direction-icon svg-direction-icon_direction_down\\" viewBox=\\"0 0 24 24\\" fill=\\"red\\"><path color=\\"currentColor\\" fill-rule=\\"evenodd\\" clip-rule=\\"evenodd\\" d=\\"M12 14.5858L18.2929 8.29289C18.6834 7.90237 19.3166 7.90237 19.7071 8.29289C20.0976 8.68342 20.0976 9.31658 19.7071 9.70711L13.0607 16.3536C12.4749 16.9393 11.5251 16.9393 10.9393 16.3536L4.29289 9.70711C3.90237 9.31658 3.90237 8.68342 4.29289 8.29289C4.68342 7.90237 5.31658 7.90237 5.70711 8.29289L12 14.5858Z\\"></path></svg><svg width=\\"16\\" height=\\"16\\" class=\\"svg-direction-icon svg-direction-icon_direction_down\\" viewBox=\\"0 0 24 24\\"><path color=\\"currentColor\\" fill-rule=\\"evenodd\\" clip-rule=\\"evenodd\\" d=\\"M12 14.5858L18.2929 8.29289C18.6834 7.90237 19.3166 7.90237 19.7071 8.29289C20.0976 8.68342 20.0976 9.31658 19.7071 9.70711L13.0607 16.3536C12.4749 16.9393 11.5251 16.9393 10.9393 16.3536L4.29289 9.70711C3.90237 9.31658 3.90237 8.68342 4.29289 8.29289C4.68342 7.90237 5.31658 7.90237 5.70711 8.29289L12 14.5858Z\\"></path></svg>"
`;

exports[`Icons screenshot make screenshot AngleLeftIcon 1`] = `
".svg-direction-icon_direction_left {
    transform: rotate(90deg);
}

.svg-direction-icon_direction_right {
    transform: rotate(-90deg);
}

.svg-direction-icon_direction_up {
    transform: rotate(180deg);
}

.svg-direction-icon_direction_down {
    transform: rotate(0deg);
}
:root {
    --clr-el-gray-020: #B0BDD633;
    --clr-el-gray-030: #A5B1CA4D;

    --clr-bg-gray-1: #FFFFFF;
    --clr-bg-gray-2: #F6F8FB;

    --clr-el-gray-080: #2F3747;
    --crl-el-gray-050: #475A8080;
}

<svg width=\\"24\\" height=\\"24\\" class=\\"svg-direction-icon svg-direction-icon_direction_left\\" viewBox=\\"0 0 24 24\\" fill=\\"black\\"><path color=\\"currentColor\\" fill-rule=\\"evenodd\\" clip-rule=\\"evenodd\\" d=\\"M12 14.5858L18.2929 8.29289C18.6834 7.90237 19.3166 7.90237 19.7071 8.29289C20.0976 8.68342 20.0976 9.31658 19.7071 9.70711L13.0607 16.3536C12.4749 16.9393 11.5251 16.9393 10.9393 16.3536L4.29289 9.70711C3.90237 9.31658 3.90237 8.68342 4.29289 8.29289C4.68342 7.90237 5.31658 7.90237 5.70711 8.29289L12 14.5858Z\\"></path></svg><svg width=\\"48\\" height=\\"48\\" class=\\"svg-direction-icon svg-direction-icon_direction_left\\" viewBox=\\"0 0 24 24\\" fill=\\"red\\"><path color=\\"currentColor\\" fill-rule=\\"evenodd\\" clip-rule=\\"evenodd\\" d=\\"M12 14.5858L18.2929 8.29289C18.6834 7.90237 19.3166 7.90237 19.7071 8.29289C20.0976 8.68342 20.0976 9.31658 19.7071 9.70711L13.0607 16.3536C12.4749 16.9393 11.5251 16.9393 10.9393 16.3536L4.29289 9.70711C3.90237 9.31658 3.90237 8.68342 4.29289 8.29289C4.68342 7.90237 5.31658 7.90237 5.70711 8.29289L12 14.5858Z\\"></path></svg><svg width=\\"16\\" height=\\"16\\" class=\\"svg-direction-icon svg-direction-icon_direction_left\\" viewBox=\\"0 0 24 24\\"><path color=\\"currentColor\\" fill-rule=\\"evenodd\\" clip-rule=\\"evenodd\\" d=\\"M12 14.5858L18.2929 8.29289C18.6834 7.90237 19.3166 7.90237 19.7071 8.29289C20.0976 8.68342 20.0976 9.31658 19.7071 9.70711L13.0607 16.3536C12.4749 16.9393 11.5251 16.9393 10.9393 16.3536L4.29289 9.70711C3.90237 9.31658 3.90237 8.68342 4.29289 8.29289C4.68342 7.90237 5.31658 7.90237 5.70711 8.29289L12 14.5858Z\\"></path></svg>"
`;

exports[`Icons screenshot make screenshot AngleRightIcon 1`] = `
".svg-direction-icon_direction_left {
    transform: rotate(90deg);
}

.svg-direction-icon_direction_right {
    transform: rotate(-90deg);
}

.svg-direction-icon_direction_up {
    transform: rotate(180deg);
}

.svg-direction-icon_direction_down {
    transform: rotate(0deg);
}
:root {
    --clr-el-gray-020: #B0BDD633;
    --clr-el-gray-030: #A5B1CA4D;

    --clr-bg-gray-1: #FFFFFF;
    --clr-bg-gray-2: #F6F8FB;

    --clr-el-gray-080: #2F3747;
    --crl-el-gray-050: #475A8080;
}

<svg width=\\"24\\" height=\\"24\\" class=\\"svg-direction-icon svg-direction-icon_direction_right\\" viewBox=\\"0 0 24 24\\" fill=\\"black\\"><path color=\\"currentColor\\" fill-rule=\\"evenodd\\" clip-rule=\\"evenodd\\" d=\\"M12 14.5858L18.2929 8.29289C18.6834 7.90237 19.3166 7.90237 19.7071 8.29289C20.0976 8.68342 20.0976 9.31658 19.7071 9.70711L13.0607 16.3536C12.4749 16.9393 11.5251 16.9393 10.9393 16.3536L4.29289 9.70711C3.90237 9.31658 3.90237 8.68342 4.29289 8.29289C4.68342 7.90237 5.31658 7.90237 5.70711 8.29289L12 14.5858Z\\"></path></svg><svg width=\\"48\\" height=\\"48\\" class=\\"svg-direction-icon svg-direction-icon_direction_right\\" viewBox=\\"0 0 24 24\\" fill=\\"red\\"><path color=\\"currentColor\\" fill-rule=\\"evenodd\\" clip-rule=\\"evenodd\\" d=\\"M12 14.5858L18.2929 8.29289C18.6834 7.90237 19.3166 7.90237 19.7071 8.29289C20.0976 8.68342 20.0976 9.31658 19.7071 9.70711L13.0607 16.3536C12.4749 16.9393 11.5251 16.9393 10.9393 16.3536L4.29289 9.70711C3.90237 9.31658 3.90237 8.68342 4.29289 8.29289C4.68342 7.90237 5.31658 7.90237 5.70711 8.29289L12 14.5858Z\\"></path></svg><svg width=\\"16\\" height=\\"16\\" class=\\"svg-direction-icon svg-direction-icon_direction_right\\" viewBox=\\"0 0 24 24\\"><path color=\\"currentColor\\" fill-rule=\\"evenodd\\" clip-rule=\\"evenodd\\" d=\\"M12 14.5858L18.2929 8.29289C18.6834 7.90237 19.3166 7.90237 19.7071 8.29289C20.0976 8.68342 20.0976 9.31658 19.7071 9.70711L13.0607 16.3536C12.4749 16.9393 11.5251 16.9393 10.9393 16.3536L4.29289 9.70711C3.90237 9.31658 3.90237 8.68342 4.29289 8.29289C4.68342 7.90237 5.31658 7.90237 5.70711 8.29289L12 14.5858Z\\"></path></svg>"
`;

exports[`Icons screenshot make screenshot AngleUpIcon 1`] = `
".svg-direction-icon_direction_left {
    transform: rotate(90deg);
}

.svg-direction-icon_direction_right {
    transform: rotate(-90deg);
}

.svg-direction-icon_direction_up {
    transform: rotate(180deg);
}

.svg-direction-icon_direction_down {
    transform: rotate(0deg);
}
:root {
    --clr-el-gray-020: #B0BDD633;
    --clr-el-gray-030: #A5B1CA4D;

    --clr-bg-gray-1: #FFFFFF;
    --clr-bg-gray-2: #F6F8FB;

    --clr-el-gray-080: #2F3747;
    --crl-el-gray-050: #475A8080;
}

<svg width=\\"24\\" height=\\"24\\" class=\\"svg-direction-icon svg-direction-icon_direction_up\\" viewBox=\\"0 0 24 24\\" fill=\\"black\\"><path color=\\"currentColor\\" fill-rule=\\"evenodd\\" clip-rule=\\"evenodd\\" d=\\"M12 14.5858L18.2929 8.29289C18.6834 7.90237 19.3166 7.90237 19.7071 8.29289C20.0976 8.68342 20.0976 9.31658 19.7071 9.70711L13.0607 16.3536C12.4749 16.9393 11.5251 16.9393 10.9393 16.3536L4.29289 9.70711C3.90237 9.31658 3.90237 8.68342 4.29289 8.29289C4.68342 7.90237 5.31658 7.90237 5.70711 8.29289L12 14.5858Z\\"></path></svg><svg width=\\"48\\" height=\\"48\\" class=\\"svg-direction-icon svg-direction-icon_direction_up\\" viewBox=\\"0 0 24 24\\" fill=\\"red\\"><path color=\\"currentColor\\" fill-rule=\\"evenodd\\" clip-rule=\\"evenodd\\" d=\\"M12 14.5858L18.2929 8.29289C18.6834 7.90237 19.3166 7.90237 19.7071 8.29289C20.0976 8.68342 20.0976 9.31658 19.7071 9.70711L13.0607 16.3536C12.4749 16.9393 11.5251 16.9393 10.9393 16.3536L4.29289 9.70711C3.90237 9.31658 3.90237 8.68342 4.29289 8.29289C4.68342 7.90237 5.31658 7.90237 5.70711 8.29289L12 14.5858Z\\"></path></svg><svg width=\\"16\\" height=\\"16\\" class=\\"svg-direction-icon svg-direction-icon_direction_up\\" viewBox=\\"0 0 24 24\\"><path color=\\"currentColor\\" fill-rule=\\"evenodd\\" clip-rule=\\"evenodd\\" d=\\"M12 14.5858L18.2929 8.29289C18.6834 7.90237 19.3166 7.90237 19.7071 8.29289C20.0976 8.68342 20.0976 9.31658 19.7071 9.70711L13.0607 16.3536C12.4749 16.9393 11.5251 16.9393 10.9393 16.3536L4.29289 9.70711C3.90237 9.31658 3.90237 8.68342 4.29289 8.29289C4.68342 7.90237 5.31658 7.90237 5.70711 8.29289L12 14.5858Z\\"></path></svg>"
`;

exports[`Icons screenshot make screenshot BellIcon 1`] = `
".svg-direction-icon_direction_left {
    transform: rotate(90deg);
}

.svg-direction-icon_direction_right {
    transform: rotate(-90deg);
}

.svg-direction-icon_direction_up {
    transform: rotate(180deg);
}

.svg-direction-icon_direction_down {
    transform: rotate(0deg);
}
:root {
    --clr-el-gray-020: #B0BDD633;
    --clr-el-gray-030: #A5B1CA4D;

    --clr-bg-gray-1: #FFFFFF;
    --clr-bg-gray-2: #F6F8FB;

    --clr-el-gray-080: #2F3747;
    --crl-el-gray-050: #475A8080;
}

<svg width=\\"24\\" height=\\"24\\" viewBox=\\"0 0 24 24\\" fill=\\"black\\"><path color=\\"currentColor\\" fill-rule=\\"evenodd\\" clip-rule=\\"evenodd\\" d=\\"M11.6151 2C11.2576 2 10.9498 2.25234 10.8797 2.60291L10.7373 3.31473C10.6504 3.74916 10.3759 4.12296 9.98744 4.33591L9.68719 4.50049C7.94585 5.29358 6.67166 6.95729 6.44809 8.96942L5.90764 13.8335C5.80701 14.7391 5.3445 15.5656 4.62525 16.125L4.27154 16.4001C3.80269 16.7648 3.59318 17.3717 3.73723 17.9479L3.75025 18C3.89717 18.5877 4.42523 19 5.03102 19H9.00024C9.00024 20.6569 10.3434 22 12.0002 22C13.6571 22 15.0002 20.6569 15.0002 19H18.9695C19.5753 19 20.1033 18.5877 20.2502 18L20.2633 17.9479C20.4073 17.3717 20.1978 16.7648 19.729 16.4001L19.3752 16.125C18.656 15.5656 18.1935 14.7391 18.0929 13.8335L17.5524 8.96942C17.3288 6.95729 16.0547 5.29357 14.3133 4.50049L14.0131 4.33591C13.6246 4.12296 13.3501 3.74916 13.2632 3.31473L13.1208 2.60291C13.0507 2.25234 12.7429 2 12.3854 2H11.6151ZM17.9001 17H14.8173C12.3127 17 12.1435 17 9.18323 17H6.1001C7.49927 16.15 7.77311 15.1536 7.89525 14.0544L8.43571 9.19028C8.63751 7.37405 10.1727 6 12.0001 6C13.8275 6 15.3627 7.37405 15.5645 9.19028L16.1049 14.0544C16.2271 15.1536 16.5049 16.15 17.9001 17Z\\"></path></svg><svg width=\\"48\\" height=\\"48\\" viewBox=\\"0 0 24 24\\" fill=\\"red\\"><path color=\\"currentColor\\" fill-rule=\\"evenodd\\" clip-rule=\\"evenodd\\" d=\\"M11.6151 2C11.2576 2 10.9498 2.25234 10.8797 2.60291L10.7373 3.31473C10.6504 3.74916 10.3759 4.12296 9.98744 4.33591L9.68719 4.50049C7.94585 5.29358 6.67166 6.95729 6.44809 8.96942L5.90764 13.8335C5.80701 14.7391 5.3445 15.5656 4.62525 16.125L4.27154 16.4001C3.80269 16.7648 3.59318 17.3717 3.73723 17.9479L3.75025 18C3.89717 18.5877 4.42523 19 5.03102 19H9.00024C9.00024 20.6569 10.3434 22 12.0002 22C13.6571 22 15.0002 20.6569 15.0002 19H18.9695C19.5753 19 20.1033 18.5877 20.2502 18L20.2633 17.9479C20.4073 17.3717 20.1978 16.7648 19.729 16.4001L19.3752 16.125C18.656 15.5656 18.1935 14.7391 18.0929 13.8335L17.5524 8.96942C17.3288 6.95729 16.0547 5.29357 14.3133 4.50049L14.0131 4.33591C13.6246 4.12296 13.3501 3.74916 13.2632 3.31473L13.1208 2.60291C13.0507 2.25234 12.7429 2 12.3854 2H11.6151ZM17.9001 17H14.8173C12.3127 17 12.1435 17 9.18323 17H6.1001C7.49927 16.15 7.77311 15.1536 7.89525 14.0544L8.43571 9.19028C8.63751 7.37405 10.1727 6 12.0001 6C13.8275 6 15.3627 7.37405 15.5645 9.19028L16.1049 14.0544C16.2271 15.1536 16.5049 16.15 17.9001 17Z\\"></path></svg><svg width=\\"16\\" height=\\"16\\" viewBox=\\"0 0 24 24\\"><path color=\\"currentColor\\" fill-rule=\\"evenodd\\" clip-rule=\\"evenodd\\" d=\\"M11.6151 2C11.2576 2 10.9498 2.25234 10.8797 2.60291L10.7373 3.31473C10.6504 3.74916 10.3759 4.12296 9.98744 4.33591L9.68719 4.50049C7.94585 5.29358 6.67166 6.95729 6.44809 8.96942L5.90764 13.8335C5.80701 14.7391 5.3445 15.5656 4.62525 16.125L4.27154 16.4001C3.80269 16.7648 3.59318 17.3717 3.73723 17.9479L3.75025 18C3.89717 18.5877 4.42523 19 5.03102 19H9.00024C9.00024 20.6569 10.3434 22 12.0002 22C13.6571 22 15.0002 20.6569 15.0002 19H18.9695C19.5753 19 20.1033 18.5877 20.2502 18L20.2633 17.9479C20.4073 17.3717 20.1978 16.7648 19.729 16.4001L19.3752 16.125C18.656 15.5656 18.1935 14.7391 18.0929 13.8335L17.5524 8.96942C17.3288 6.95729 16.0547 5.29357 14.3133 4.50049L14.0131 4.33591C13.6246 4.12296 13.3501 3.74916 13.2632 3.31473L13.1208 2.60291C13.0507 2.25234 12.7429 2 12.3854 2H11.6151ZM17.9001 17H14.8173C12.3127 17 12.1435 17 9.18323 17H6.1001C7.49927 16.15 7.77311 15.1536 7.89525 14.0544L8.43571 9.19028C8.63751 7.37405 10.1727 6 12.0001 6C13.8275 6 15.3627 7.37405 15.5645 9.19028L16.1049 14.0544C16.2271 15.1536 16.5049 16.15 17.9001 17Z\\"></path></svg>"
`;

exports[`Icons screenshot make screenshot CrossIcon 1`] = `
".svg-direction-icon_direction_left {
    transform: rotate(90deg);
}

.svg-direction-icon_direction_right {
    transform: rotate(-90deg);
}

.svg-direction-icon_direction_up {
    transform: rotate(180deg);
}

.svg-direction-icon_direction_down {
    transform: rotate(0deg);
}
:root {
    --clr-el-gray-020: #B0BDD633;
    --clr-el-gray-030: #A5B1CA4D;

    --clr-bg-gray-1: #FFFFFF;
    --clr-bg-gray-2: #F6F8FB;

    --clr-el-gray-080: #2F3747;
    --crl-el-gray-050: #475A8080;
}

<svg width=\\"24\\" height=\\"24\\" viewBox=\\"0 0 24 24\\" fill=\\"black\\"><path color=\\"currentColor\\" fill-rule=\\"evenodd\\" clip-rule=\\"evenodd\\" d=\\"M19.2071 6.20711C19.5976 5.81658 19.5976 5.18342 19.2071 4.79289C18.8166 4.40237 18.1834 4.40237 17.7929 4.79289L12 10.5858L6.20711 4.79289C5.81658 4.40237 5.18342 4.40237 4.79289 4.79289C4.40237 5.18342 4.40237 5.81658 4.79289 6.20711L10.5858 12L4.79289 17.7929C4.40237 18.1834 4.40237 18.8166 4.79289 19.2071C5.18342 19.5976 5.81658 19.5976 6.20711 19.2071L12 13.4142L17.7929 19.2071C18.1834 19.5976 18.8166 19.5976 19.2071 19.2071C19.5976 18.8166 19.5976 18.1834 19.2071 17.7929L13.4142 12L19.2071 6.20711Z\\"></path></svg><svg width=\\"48\\" height=\\"48\\" viewBox=\\"0 0 24 24\\" fill=\\"red\\"><path color=\\"currentColor\\" fill-rule=\\"evenodd\\" clip-rule=\\"evenodd\\" d=\\"M19.2071 6.20711C19.5976 5.81658 19.5976 5.18342 19.2071 4.79289C18.8166 4.40237 18.1834 4.40237 17.7929 4.79289L12 10.5858L6.20711 4.79289C5.81658 4.40237 5.18342 4.40237 4.79289 4.79289C4.40237 5.18342 4.40237 5.81658 4.79289 6.20711L10.5858 12L4.79289 17.7929C4.40237 18.1834 4.40237 18.8166 4.79289 19.2071C5.18342 19.5976 5.81658 19.5976 6.20711 19.2071L12 13.4142L17.7929 19.2071C18.1834 19.5976 18.8166 19.5976 19.2071 19.2071C19.5976 18.8166 19.5976 18.1834 19.2071 17.7929L13.4142 12L19.2071 6.20711Z\\"></path></svg><svg width=\\"16\\" height=\\"16\\" viewBox=\\"0 0 24 24\\"><path color=\\"currentColor\\" fill-rule=\\"evenodd\\" clip-rule=\\"evenodd\\" d=\\"M19.2071 6.20711C19.5976 5.81658 19.5976 5.18342 19.2071 4.79289C18.8166 4.40237 18.1834 4.40237 17.7929 4.79289L12 10.5858L6.20711 4.79289C5.81658 4.40237 5.18342 4.40237 4.79289 4.79289C4.40237 5.18342 4.40237 5.81658 4.79289 6.20711L10.5858 12L4.79289 17.7929C4.40237 18.1834 4.40237 18.8166 4.79289 19.2071C5.18342 19.5976 5.81658 19.5976 6.20711 19.2071L12 13.4142L17.7929 19.2071C18.1834 19.5976 18.8166 19.5976 19.2071 19.2071C19.5976 18.8166 19.5976 18.1834 19.2071 17.7929L13.4142 12L19.2071 6.20711Z\\"></path></svg>"
`;

exports[`Icons screenshot make screenshot FilterIcon 1`] = `
".svg-direction-icon_direction_left {
    transform: rotate(90deg);
}

.svg-direction-icon_direction_right {
    transform: rotate(-90deg);
}

.svg-direction-icon_direction_up {
    transform: rotate(180deg);
}

.svg-direction-icon_direction_down {
    transform: rotate(0deg);
}
:root {
    --clr-el-gray-020: #B0BDD633;
    --clr-el-gray-030: #A5B1CA4D;

    --clr-bg-gray-1: #FFFFFF;
    --clr-bg-gray-2: #F6F8FB;

    --clr-el-gray-080: #2F3747;
    --crl-el-gray-050: #475A8080;
}

<svg width=\\"24\\" height=\\"24\\" viewBox=\\"0 0 24 24\\" fill=\\"black\\"><path color=\\"currentColor\\" fill-rule=\\"evenodd\\" clip-rule=\\"evenodd\\" d=\\"M15 10.9979C14.1131 10.9978 13.2514 10.7031 12.5502 10.1601C11.849 9.61711 11.3481 8.85657 11.126 7.99794H3C2.73478 7.99794 2.48043 7.89259 2.29289 7.70505C2.10536 7.51751 2 7.26316 2 6.99794C2 6.73273 2.10536 6.47837 2.29289 6.29084C2.48043 6.1033 2.73478 5.99794 3 5.99794H11.126C11.3484 5.1397 11.8496 4.37962 12.5507 3.83702C13.2519 3.29441 14.1134 3 15 3C15.8866 3 16.7481 3.29441 17.4493 3.83702C18.1504 4.37962 18.6516 5.1397 18.874 5.99794H21C21.2652 5.99794 21.5196 6.1033 21.7071 6.29084C21.8946 6.47837 22 6.73273 22 6.99794C22 7.26316 21.8946 7.51751 21.7071 7.70505C21.5196 7.89259 21.2652 7.99794 21 7.99794H18.874C18.652 8.85657 18.151 9.61711 17.4498 10.1601C16.7486 10.7031 15.8869 10.9978 15 10.9979ZM3 15.9979C2.73478 15.9979 2.48043 16.1033 2.29289 16.2908C2.10536 16.4784 2 16.7327 2 16.9979C2 17.2632 2.10536 17.5175 2.29289 17.7051C2.48043 17.8926 2.73478 17.9979 3 17.9979H5.126C5.34844 18.8562 5.84957 19.6163 6.55074 20.1589C7.2519 20.7015 8.1134 20.9959 9 20.9959C9.8866 20.9959 10.7481 20.7015 11.4493 20.1589C12.1504 19.6163 12.6516 18.8562 12.874 17.9979H21C21.2652 17.9979 21.5196 17.8926 21.7071 17.7051C21.8946 17.5175 22 17.2632 22 16.9979C22 16.7327 21.8946 16.4784 21.7071 16.2908C21.5196 16.1033 21.2652 15.9979 21 15.9979H12.874C12.6516 15.1397 12.1504 14.3796 11.4493 13.837C10.7481 13.2944 9.8866 13 9 13C8.1134 13 7.2519 13.2944 6.55074 13.837C5.84957 14.3796 5.34844 15.1397 5.126 15.9979H3ZM15 8.99794C15.5304 8.99794 16.0391 8.78723 16.4142 8.41216C16.7893 8.03708 17 7.52838 17 6.99794C17 6.46751 16.7893 5.9588 16.4142 5.58373C16.0391 5.20866 15.5304 4.99794 15 4.99794C14.4696 4.99794 13.9609 5.20866 13.5858 5.58373C13.2107 5.9588 13 6.46751 13 6.99794C13 7.52838 13.2107 8.03708 13.5858 8.41216C13.9609 8.78723 14.4696 8.99794 15 8.99794ZM11 16.9979C11 17.5284 10.7893 18.0371 10.4142 18.4122C10.0391 18.7872 9.53043 18.9979 9 18.9979C8.46957 18.9979 7.96086 18.7872 7.58579 18.4122C7.21071 18.0371 7 17.5284 7 16.9979C7 16.4675 7.21071 15.9588 7.58579 15.5837C7.96086 15.2087 8.46957 14.9979 9 14.9979C9.53043 14.9979 10.0391 15.2087 10.4142 15.5837C10.7893 15.9588 11 16.4675 11 16.9979Z\\"></path></svg><svg width=\\"48\\" height=\\"48\\" viewBox=\\"0 0 24 24\\" fill=\\"red\\"><path color=\\"currentColor\\" fill-rule=\\"evenodd\\" clip-rule=\\"evenodd\\" d=\\"M15 10.9979C14.1131 10.9978 13.2514 10.7031 12.5502 10.1601C11.849 9.61711 11.3481 8.85657 11.126 7.99794H3C2.73478 7.99794 2.48043 7.89259 2.29289 7.70505C2.10536 7.51751 2 7.26316 2 6.99794C2 6.73273 2.10536 6.47837 2.29289 6.29084C2.48043 6.1033 2.73478 5.99794 3 5.99794H11.126C11.3484 5.1397 11.8496 4.37962 12.5507 3.83702C13.2519 3.29441 14.1134 3 15 3C15.8866 3 16.7481 3.29441 17.4493 3.83702C18.1504 4.37962 18.6516 5.1397 18.874 5.99794H21C21.2652 5.99794 21.5196 6.1033 21.7071 6.29084C21.8946 6.47837 22 6.73273 22 6.99794C22 7.26316 21.8946 7.51751 21.7071 7.70505C21.5196 7.89259 21.2652 7.99794 21 7.99794H18.874C18.652 8.85657 18.151 9.61711 17.4498 10.1601C16.7486 10.7031 15.8869 10.9978 15 10.9979ZM3 15.9979C2.73478 15.9979 2.48043 16.1033 2.29289 16.2908C2.10536 16.4784 2 16.7327 2 16.9979C2 17.2632 2.10536 17.5175 2.29289 17.7051C2.48043 17.8926 2.73478 17.9979 3 17.9979H5.126C5.34844 18.8562 5.84957 19.6163 6.55074 20.1589C7.2519 20.7015 8.1134 20.9959 9 20.9959C9.8866 20.9959 10.7481 20.7015 11.4493 20.1589C12.1504 19.6163 12.6516 18.8562 12.874 17.9979H21C21.2652 17.9979 21.5196 17.8926 21.7071 17.7051C21.8946 17.5175 22 17.2632 22 16.9979C22 16.7327 21.8946 16.4784 21.7071 16.2908C21.5196 16.1033 21.2652 15.9979 21 15.9979H12.874C12.6516 15.1397 12.1504 14.3796 11.4493 13.837C10.7481 13.2944 9.8866 13 9 13C8.1134 13 7.2519 13.2944 6.55074 13.837C5.84957 14.3796 5.34844 15.1397 5.126 15.9979H3ZM15 8.99794C15.5304 8.99794 16.0391 8.78723 16.4142 8.41216C16.7893 8.03708 17 7.52838 17 6.99794C17 6.46751 16.7893 5.9588 16.4142 5.58373C16.0391 5.20866 15.5304 4.99794 15 4.99794C14.4696 4.99794 13.9609 5.20866 13.5858 5.58373C13.2107 5.9588 13 6.46751 13 6.99794C13 7.52838 13.2107 8.03708 13.5858 8.41216C13.9609 8.78723 14.4696 8.99794 15 8.99794ZM11 16.9979C11 17.5284 10.7893 18.0371 10.4142 18.4122C10.0391 18.7872 9.53043 18.9979 9 18.9979C8.46957 18.9979 7.96086 18.7872 7.58579 18.4122C7.21071 18.0371 7 17.5284 7 16.9979C7 16.4675 7.21071 15.9588 7.58579 15.5837C7.96086 15.2087 8.46957 14.9979 9 14.9979C9.53043 14.9979 10.0391 15.2087 10.4142 15.5837C10.7893 15.9588 11 16.4675 11 16.9979Z\\"></path></svg><svg width=\\"16\\" height=\\"16\\" viewBox=\\"0 0 24 24\\"><path color=\\"currentColor\\" fill-rule=\\"evenodd\\" clip-rule=\\"evenodd\\" d=\\"M15 10.9979C14.1131 10.9978 13.2514 10.7031 12.5502 10.1601C11.849 9.61711 11.3481 8.85657 11.126 7.99794H3C2.73478 7.99794 2.48043 7.89259 2.29289 7.70505C2.10536 7.51751 2 7.26316 2 6.99794C2 6.73273 2.10536 6.47837 2.29289 6.29084C2.48043 6.1033 2.73478 5.99794 3 5.99794H11.126C11.3484 5.1397 11.8496 4.37962 12.5507 3.83702C13.2519 3.29441 14.1134 3 15 3C15.8866 3 16.7481 3.29441 17.4493 3.83702C18.1504 4.37962 18.6516 5.1397 18.874 5.99794H21C21.2652 5.99794 21.5196 6.1033 21.7071 6.29084C21.8946 6.47837 22 6.73273 22 6.99794C22 7.26316 21.8946 7.51751 21.7071 7.70505C21.5196 7.89259 21.2652 7.99794 21 7.99794H18.874C18.652 8.85657 18.151 9.61711 17.4498 10.1601C16.7486 10.7031 15.8869 10.9978 15 10.9979ZM3 15.9979C2.73478 15.9979 2.48043 16.1033 2.29289 16.2908C2.10536 16.4784 2 16.7327 2 16.9979C2 17.2632 2.10536 17.5175 2.29289 17.7051C2.48043 17.8926 2.73478 17.9979 3 17.9979H5.126C5.34844 18.8562 5.84957 19.6163 6.55074 20.1589C7.2519 20.7015 8.1134 20.9959 9 20.9959C9.8866 20.9959 10.7481 20.7015 11.4493 20.1589C12.1504 19.6163 12.6516 18.8562 12.874 17.9979H21C21.2652 17.9979 21.5196 17.8926 21.7071 17.7051C21.8946 17.5175 22 17.2632 22 16.9979C22 16.7327 21.8946 16.4784 21.7071 16.2908C21.5196 16.1033 21.2652 15.9979 21 15.9979H12.874C12.6516 15.1397 12.1504 14.3796 11.4493 13.837C10.7481 13.2944 9.8866 13 9 13C8.1134 13 7.2519 13.2944 6.55074 13.837C5.84957 14.3796 5.34844 15.1397 5.126 15.9979H3ZM15 8.99794C15.5304 8.99794 16.0391 8.78723 16.4142 8.41216C16.7893 8.03708 17 7.52838 17 6.99794C17 6.46751 16.7893 5.9588 16.4142 5.58373C16.0391 5.20866 15.5304 4.99794 15 4.99794C14.4696 4.99794 13.9609 5.20866 13.5858 5.58373C13.2107 5.9588 13 6.46751 13 6.99794C13 7.52838 13.2107 8.03708 13.5858 8.41216C13.9609 8.78723 14.4696 8.99794 15 8.99794ZM11 16.9979C11 17.5284 10.7893 18.0371 10.4142 18.4122C10.0391 18.7872 9.53043 18.9979 9 18.9979C8.46957 18.9979 7.96086 18.7872 7.58579 18.4122C7.21071 18.0371 7 17.5284 7 16.9979C7 16.4675 7.21071 15.9588 7.58579 15.5837C7.96086 15.2087 8.46957 14.9979 9 14.9979C9.53043 14.9979 10.0391 15.2087 10.4142 15.5837C10.7893 15.9588 11 16.4675 11 16.9979Z\\"></path></svg>"
`;

exports[`Icons screenshot make screenshot MessageIcon 1`] = `
".svg-direction-icon_direction_left {
    transform: rotate(90deg);
}

.svg-direction-icon_direction_right {
    transform: rotate(-90deg);
}

.svg-direction-icon_direction_up {
    transform: rotate(180deg);
}

.svg-direction-icon_direction_down {
    transform: rotate(0deg);
}
:root {
    --clr-el-gray-020: #B0BDD633;
    --clr-el-gray-030: #A5B1CA4D;

    --clr-bg-gray-1: #FFFFFF;
    --clr-bg-gray-2: #F6F8FB;

    --clr-el-gray-080: #2F3747;
    --crl-el-gray-050: #475A8080;
}

<svg width=\\"24\\" height=\\"24\\" viewBox=\\"0 0 24 24\\" fill=\\"black\\"><path color=\\"currentColor\\" fill-rule=\\"evenodd\\" clip-rule=\\"evenodd\\" d=\\"M4.13626 20.9151C4.21435 20.9694 4.30693 20.9989 4.40202 21C7.1264 21.0302 9.12338 20.5036 10.3867 19.3568C11.0663 19.4996 11.7736 19.575 12.5 19.575C17.7467 19.575 22 15.6407 22 10.7875C22 5.9343 17.7467 2 12.5 2C7.25329 2 3 5.9343 3 10.7875C3 13.0377 3.91432 15.0903 5.41805 16.6449C5.29043 17.9148 4.82454 19.1284 4.02042 20.2856C3.87073 20.501 3.92085 20.7654 4.13626 20.9151ZM10.8 17.4185C10.2115 17.2948 9.59945 17.4609 9.1542 17.8651C8.65139 18.3216 7.58796 18.9534 6.59068 19.1447C7.05943 18.4662 7.30534 17.4761 7.37684 16.7646C7.43201 16.2156 7.24255 15.6702 6.85891 15.2736C5.66342 14.0377 5 12.4629 5 10.7969C5 7.07713 8.32662 4 12.5 4C16.6734 4 20 7.07713 20 10.7969C20 14.5166 16.6734 17.5938 12.5 17.5938C11.9213 17.5938 11.3523 17.5345 10.8 17.4185Z\\"></path></svg><svg width=\\"48\\" height=\\"48\\" viewBox=\\"0 0 24 24\\" fill=\\"red\\"><path color=\\"currentColor\\" fill-rule=\\"evenodd\\" clip-rule=\\"evenodd\\" d=\\"M4.13626 20.9151C4.21435 20.9694 4.30693 20.9989 4.40202 21C7.1264 21.0302 9.12338 20.5036 10.3867 19.3568C11.0663 19.4996 11.7736 19.575 12.5 19.575C17.7467 19.575 22 15.6407 22 10.7875C22 5.9343 17.7467 2 12.5 2C7.25329 2 3 5.9343 3 10.7875C3 13.0377 3.91432 15.0903 5.41805 16.6449C5.29043 17.9148 4.82454 19.1284 4.02042 20.2856C3.87073 20.501 3.92085 20.7654 4.13626 20.9151ZM10.8 17.4185C10.2115 17.2948 9.59945 17.4609 9.1542 17.8651C8.65139 18.3216 7.58796 18.9534 6.59068 19.1447C7.05943 18.4662 7.30534 17.4761 7.37684 16.7646C7.43201 16.2156 7.24255 15.6702 6.85891 15.2736C5.66342 14.0377 5 12.4629 5 10.7969C5 7.07713 8.32662 4 12.5 4C16.6734 4 20 7.07713 20 10.7969C20 14.5166 16.6734 17.5938 12.5 17.5938C11.9213 17.5938 11.3523 17.5345 10.8 17.4185Z\\"></path></svg><svg width=\\"16\\" height=\\"16\\" viewBox=\\"0 0 24 24\\"><path color=\\"currentColor\\" fill-rule=\\"evenodd\\" clip-rule=\\"evenodd\\" d=\\"M4.13626 20.9151C4.21435 20.9694 4.30693 20.9989 4.40202 21C7.1264 21.0302 9.12338 20.5036 10.3867 19.3568C11.0663 19.4996 11.7736 19.575 12.5 19.575C17.7467 19.575 22 15.6407 22 10.7875C22 5.9343 17.7467 2 12.5 2C7.25329 2 3 5.9343 3 10.7875C3 13.0377 3.91432 15.0903 5.41805 16.6449C5.29043 17.9148 4.82454 19.1284 4.02042 20.2856C3.87073 20.501 3.92085 20.7654 4.13626 20.9151ZM10.8 17.4185C10.2115 17.2948 9.59945 17.4609 9.1542 17.8651C8.65139 18.3216 7.58796 18.9534 6.59068 19.1447C7.05943 18.4662 7.30534 17.4761 7.37684 16.7646C7.43201 16.2156 7.24255 15.6702 6.85891 15.2736C5.66342 14.0377 5 12.4629 5 10.7969C5 7.07713 8.32662 4 12.5 4C16.6734 4 20 7.07713 20 10.7969C20 14.5166 16.6734 17.5938 12.5 17.5938C11.9213 17.5938 11.3523 17.5345 10.8 17.4185Z\\"></path></svg>"
`;

exports[`Icons screenshot make screenshot PlusIcon 1`] = `
".svg-direction-icon_direction_left {
    transform: rotate(90deg);
}

.svg-direction-icon_direction_right {
    transform: rotate(-90deg);
}

.svg-direction-icon_direction_up {
    transform: rotate(180deg);
}

.svg-direction-icon_direction_down {
    transform: rotate(0deg);
}
:root {
    --clr-el-gray-020: #B0BDD633;
    --clr-el-gray-030: #A5B1CA4D;

    --clr-bg-gray-1: #FFFFFF;
    --clr-bg-gray-2: #F6F8FB;

    --clr-el-gray-080: #2F3747;
    --crl-el-gray-050: #475A8080;
}

<svg width=\\"24\\" height=\\"24\\" viewBox=\\"0 0 24 24\\" fill=\\"black\\"><path color=\\"currentColor\\" fill-rule=\\"evenodd\\" clip-rule=\\"evenodd\\" d=\\"M12 3C11.4477 3 11 3.44772 11 4V11H4C3.44772 11 3 11.4477 3 12C3 12.5523 3.44772 13 4 13H11V20C11 20.5523 11.4477 21 12 21C12.5523 21 13 20.5523 13 20V13H20C20.5523 13 21 12.5523 21 12C21 11.4477 20.5523 11 20 11H13V4C13 3.44772 12.5523 3 12 3Z\\"></path></svg><svg width=\\"48\\" height=\\"48\\" viewBox=\\"0 0 24 24\\" fill=\\"red\\"><path color=\\"currentColor\\" fill-rule=\\"evenodd\\" clip-rule=\\"evenodd\\" d=\\"M12 3C11.4477 3 11 3.44772 11 4V11H4C3.44772 11 3 11.4477 3 12C3 12.5523 3.44772 13 4 13H11V20C11 20.5523 11.4477 21 12 21C12.5523 21 13 20.5523 13 20V13H20C20.5523 13 21 12.5523 21 12C21 11.4477 20.5523 11 20 11H13V4C13 3.44772 12.5523 3 12 3Z\\"></path></svg><svg width=\\"16\\" height=\\"16\\" viewBox=\\"0 0 24 24\\"><path color=\\"currentColor\\" fill-rule=\\"evenodd\\" clip-rule=\\"evenodd\\" d=\\"M12 3C11.4477 3 11 3.44772 11 4V11H4C3.44772 11 3 11.4477 3 12C3 12.5523 3.44772 13 4 13H11V20C11 20.5523 11.4477 21 12 21C12.5523 21 13 20.5523 13 20V13H20C20.5523 13 21 12.5523 21 12C21 11.4477 20.5523 11 20 11H13V4C13 3.44772 12.5523 3 12 3Z\\"></path></svg>"
`;

exports[`Icons screenshot make screenshot QuestionIcon 1`] = `
".svg-direction-icon_direction_left {
    transform: rotate(90deg);
}

.svg-direction-icon_direction_right {
    transform: rotate(-90deg);
}

.svg-direction-icon_direction_up {
    transform: rotate(180deg);
}

.svg-direction-icon_direction_down {
    transform: rotate(0deg);
}
:root {
    --clr-el-gray-020: #B0BDD633;
    --clr-el-gray-030: #A5B1CA4D;

    --clr-bg-gray-1: #FFFFFF;
    --clr-bg-gray-2: #F6F8FB;

    --clr-el-gray-080: #2F3747;
    --crl-el-gray-050: #475A8080;
}

<svg width=\\"24\\" height=\\"24\\" viewBox=\\"0 0 24 24\\" fill=\\"black\\"><path color=\\"currentColor\\" fill-rule=\\"evenodd\\" clip-rule=\\"evenodd\\" d=\\"M22 12C22 17.5228 17.5228 22 12 22C6.47715 22 2 17.5228 2 12C2 6.47715 6.47715 2 12 2C17.5228 2 22 6.47715 22 12ZM20 12C20 7.58172 16.4183 4 12 4C7.58172 4 4 7.58172 4 12C4 16.4183 7.58172 20 12 20C16.4183 20 20 16.4183 20 12ZM10.75 16.2428C10.75 15.5202 11.2991 15 11.9928 15C12.7009 15 13.25 15.5202 13.25 16.2428C13.25 16.9653 12.7009 17.5 11.9928 17.5C11.2991 17.5 10.75 16.9653 10.75 16.2428ZM12.2248 6.5C10.0678 6.5 8.44995 7.74332 8.44995 9.75061V9.7749C8.44995 10.051 8.67381 10.2749 8.94995 10.2749H9.75319C9.99311 10.2749 10.1876 10.0804 10.1876 9.84049C10.1876 8.717 11.0564 8.11781 12.2248 8.11781C13.3633 8.11781 14.1123 8.717 14.1123 9.57085C14.1123 10.3798 13.6929 10.7543 12.6443 11.2336L12.3447 11.3684C11.4609 11.7579 11.1313 12.3421 11.1313 13.3607V13.5C11.1313 13.7761 11.3552 14 11.6313 14H12.369C12.6451 14 12.869 13.7761 12.869 13.5V13.4656C12.869 13.0162 12.9888 12.8364 13.3483 12.6717L13.6479 12.5368C14.9062 11.9676 15.85 11.2186 15.85 9.58583V9.49595C15.85 7.77328 14.352 6.5 12.2248 6.5Z\\"></path></svg><svg width=\\"48\\" height=\\"48\\" viewBox=\\"0 0 24 24\\" fill=\\"red\\"><path color=\\"currentColor\\" fill-rule=\\"evenodd\\" clip-rule=\\"evenodd\\" d=\\"M22 12C22 17.5228 17.5228 22 12 22C6.47715 22 2 17.5228 2 12C2 6.47715 6.47715 2 12 2C17.5228 2 22 6.47715 22 12ZM20 12C20 7.58172 16.4183 4 12 4C7.58172 4 4 7.58172 4 12C4 16.4183 7.58172 20 12 20C16.4183 20 20 16.4183 20 12ZM10.75 16.2428C10.75 15.5202 11.2991 15 11.9928 15C12.7009 15 13.25 15.5202 13.25 16.2428C13.25 16.9653 12.7009 17.5 11.9928 17.5C11.2991 17.5 10.75 16.9653 10.75 16.2428ZM12.2248 6.5C10.0678 6.5 8.44995 7.74332 8.44995 9.75061V9.7749C8.44995 10.051 8.67381 10.2749 8.94995 10.2749H9.75319C9.99311 10.2749 10.1876 10.0804 10.1876 9.84049C10.1876 8.717 11.0564 8.11781 12.2248 8.11781C13.3633 8.11781 14.1123 8.717 14.1123 9.57085C14.1123 10.3798 13.6929 10.7543 12.6443 11.2336L12.3447 11.3684C11.4609 11.7579 11.1313 12.3421 11.1313 13.3607V13.5C11.1313 13.7761 11.3552 14 11.6313 14H12.369C12.6451 14 12.869 13.7761 12.869 13.5V13.4656C12.869 13.0162 12.9888 12.8364 13.3483 12.6717L13.6479 12.5368C14.9062 11.9676 15.85 11.2186 15.85 9.58583V9.49595C15.85 7.77328 14.352 6.5 12.2248 6.5Z\\"></path></svg><svg width=\\"16\\" height=\\"16\\" viewBox=\\"0 0 24 24\\"><path color=\\"currentColor\\" fill-rule=\\"evenodd\\" clip-rule=\\"evenodd\\" d=\\"M22 12C22 17.5228 17.5228 22 12 22C6.47715 22 2 17.5228 2 12C2 6.47715 6.47715 2 12 2C17.5228 2 22 6.47715 22 12ZM20 12C20 7.58172 16.4183 4 12 4C7.58172 4 4 7.58172 4 12C4 16.4183 7.58172 20 12 20C16.4183 20 20 16.4183 20 12ZM10.75 16.2428C10.75 15.5202 11.2991 15 11.9928 15C12.7009 15 13.25 15.5202 13.25 16.2428C13.25 16.9653 12.7009 17.5 11.9928 17.5C11.2991 17.5 10.75 16.9653 10.75 16.2428ZM12.2248 6.5C10.0678 6.5 8.44995 7.74332 8.44995 9.75061V9.7749C8.44995 10.051 8.67381 10.2749 8.94995 10.2749H9.75319C9.99311 10.2749 10.1876 10.0804 10.1876 9.84049C10.1876 8.717 11.0564 8.11781 12.2248 8.11781C13.3633 8.11781 14.1123 8.717 14.1123 9.57085C14.1123 10.3798 13.6929 10.7543 12.6443 11.2336L12.3447 11.3684C11.4609 11.7579 11.1313 12.3421 11.1313 13.3607V13.5C11.1313 13.7761 11.3552 14 11.6313 14H12.369C12.6451 14 12.869 13.7761 12.869 13.5V13.4656C12.869 13.0162 12.9888 12.8364 13.3483 12.6717L13.6479 12.5368C14.9062 11.9676 15.85 11.2186 15.85 9.58583V9.49595C15.85 7.77328 14.352 6.5 12.2248 6.5Z\\"></path></svg>"
`;

exports[`Icons screenshot make screenshot SearchIcon 1`] = `
".svg-direction-icon_direction_left {
    transform: rotate(90deg);
}

.svg-direction-icon_direction_right {
    transform: rotate(-90deg);
}

.svg-direction-icon_direction_up {
    transform: rotate(180deg);
}

.svg-direction-icon_direction_down {
    transform: rotate(0deg);
}
:root {
    --clr-el-gray-020: #B0BDD633;
    --clr-el-gray-030: #A5B1CA4D;

    --clr-bg-gray-1: #FFFFFF;
    --clr-bg-gray-2: #F6F8FB;

    --clr-el-gray-080: #2F3747;
    --crl-el-gray-050: #475A8080;
}

<svg width=\\"24\\" height=\\"24\\" viewBox=\\"0 0 24 24\\" fill=\\"black\\"><path color=\\"currentColor\\" fill-rule=\\"evenodd\\" clip-rule=\\"evenodd\\" d=\\"M10.5 18C12.2105 18 13.7873 17.4274 15.0491 16.4633L19.7929 21.2071C20.1834 21.5976 20.8166 21.5976 21.2071 21.2071C21.5976 20.8166 21.5976 20.1834 21.2071 19.7929L16.4633 15.0491C17.4274 13.7873 18 12.2105 18 10.5C18 6.35786 14.6421 3 10.5 3C6.35786 3 3 6.35786 3 10.5C3 14.6421 6.35786 18 10.5 18ZM16 10.5C16 13.5376 13.5376 16 10.5 16C7.46243 16 5 13.5376 5 10.5C5 7.46243 7.46243 5 10.5 5C13.5376 5 16 7.46243 16 10.5Z\\"></path></svg><svg width=\\"48\\" height=\\"48\\" viewBox=\\"0 0 24 24\\" fill=\\"red\\"><path color=\\"currentColor\\" fill-rule=\\"evenodd\\" clip-rule=\\"evenodd\\" d=\\"M10.5 18C12.2105 18 13.7873 17.4274 15.0491 16.4633L19.7929 21.2071C20.1834 21.5976 20.8166 21.5976 21.2071 21.2071C21.5976 20.8166 21.5976 20.1834 21.2071 19.7929L16.4633 15.0491C17.4274 13.7873 18 12.2105 18 10.5C18 6.35786 14.6421 3 10.5 3C6.35786 3 3 6.35786 3 10.5C3 14.6421 6.35786 18 10.5 18ZM16 10.5C16 13.5376 13.5376 16 10.5 16C7.46243 16 5 13.5376 5 10.5C5 7.46243 7.46243 5 10.5 5C13.5376 5 16 7.46243 16 10.5Z\\"></path></svg><svg width=\\"16\\" height=\\"16\\" viewBox=\\"0 0 24 24\\"><path color=\\"currentColor\\" fill-rule=\\"evenodd\\" clip-rule=\\"evenodd\\" d=\\"M10.5 18C12.2105 18 13.7873 17.4274 15.0491 16.4633L19.7929 21.2071C20.1834 21.5976 20.8166 21.5976 21.2071 21.2071C21.5976 20.8166 21.5976 20.1834 21.2071 19.7929L16.4633 15.0491C17.4274 13.7873 18 12.2105 18 10.5C18 6.35786 14.6421 3 10.5 3C6.35786 3 3 6.35786 3 10.5C3 14.6421 6.35786 18 10.5 18ZM16 10.5C16 13.5376 13.5376 16 10.5 16C7.46243 16 5 13.5376 5 10.5C5 7.46243 7.46243 5 10.5 5C13.5376 5 16 7.46243 16 10.5Z\\"></path></svg>"
`;
