// Jest Snapshot v1, https://goo.gl/fbAQLP

exports[`Counter should render 1`] = `
<div>
  <div>
    <SvgrURL />
  </div>
  <div />
  <span>
    test
  </span>
  <span>
    (
    123
    )
  </span>
</div>
`;
